   Compiling smallvec v1.15.2
   Compiling thiserror v1.0.69
   Compiling tracing v0.1.44
   Compiling zerofrom v0.1.8
   Compiling stable_deref_trait v1.2.1
   Compiling litemap v0.8.2
   Compiling writeable v0.6.3
   Compiling futures-core v0.3.33
   Compiling utf8_iter v1.0.4
   Compiling qrap-crypto v0.2.0-alpha (/data/data/com.termux/files/home/QRAP-Node/crates/qrap-crypto)
   Compiling yoke v0.8.3
   Compiling icu_normalizer_data v2.2.0
warning: unused import: `rand::Rng`
 --> crates/qrap-crypto/src/lib.rs:4:5
  |
4 | use rand::Rng;
  |     ^^^^^^^^^
  |
  = note: `#[warn(unused_imports)]` (part of `#[warn(unused)]`) on by default

   Compiling icu_properties_data v2.2.0
   Compiling http v1.5.0
   Compiling percent-encoding v2.3.2
   Compiling parking_lot_core v0.8.6
   Compiling slab v0.4.12
   Compiling futures-task v0.3.33
   Compiling zerovec v0.11.6
   Compiling zerotrie v0.2.4
   Compiling qrap-stark v0.2.0-alpha (/data/data/com.termux/files/home/QRAP-Node/crates/qrap-stark)
   Compiling futures-util v0.3.33
   Compiling qrap-net v0.2.0-alpha (/data/data/com.termux/files/home/QRAP-Node/crates/qrap-net)
warning: unused import: `AsyncWriteExt`
 --> crates/qrap-net/src/p2p.rs:4:31
  |
4 | use tokio::io::{AsyncReadExt, AsyncWriteExt};
  |                               ^^^^^^^^^^^^^
  |
  = note: `#[warn(unused_imports)]` (part of `#[warn(unused)]`) on by default

warning: unused import: `error`
 --> crates/qrap-net/src/rpc.rs:6:27
  |
6 | use tracing::{info, warn, error};
  |                           ^^^^^

   Compiling parking_lot v0.11.2
warning: `qrap-crypto` (lib) generated 1 warning (run `cargo fix --lib -p qrap-crypto` to apply 1 suggestion)
   Compiling form_urlencoded v1.2.2
   Compiling tower-service v0.3.3
   Compiling try-lock v0.2.5
   Compiling sled v0.34.7
warning: unused variable: `addr`
   --> crates/qrap-net/src/p2p.rs:115:5
    |
115 |     addr: SocketAddr,
    |     ^^^^ help: if this is intentional, prefix it with an underscore: `_addr`
    |
    = note: `#[warn(unused_variables)]` (part of `#[warn(unused)]`) on by default

   Compiling want v0.3.1
   Compiling httparse v1.10.1
   Compiling sync_wrapper v1.0.2
   Compiling futures-channel v0.3.33
   Compiling atomic-waker v1.1.2
   Compiling tinystr v0.8.3
   Compiling potential_utf v0.1.5
   Compiling http-body v1.1.0
   Compiling icu_collections v2.2.0
   Compiling tower-layer v0.3.3
   Compiling icu_locale_core v2.2.0
   Compiling hyper v1.11.0
   Compiling ryu v1.0.23
   Compiling base64 v0.22.1
   Compiling bitflags v2.13.1
   Compiling ipnet v2.12.1
   Compiling serde_urlencoded v0.7.1
   Compiling http-body-util v0.1.4
   Compiling qrap-fpga v0.2.0-alpha (/data/data/com.termux/files/home/QRAP-Node/crates/qrap-fpga)
   Compiling qrap-fee-splitter v0.2.0-alpha (/data/data/com.termux/files/home/QRAP-Node/crates/qrap-fee-splitter)
warning: unused import: `warn`
  --> crates/qrap-fee-splitter/src/lib.rs:15:28
   |
15 | use tracing::{info, debug, warn};
   |                            ^^^^
   |
   = note: `#[warn(unused_imports)]` (part of `#[warn(unused)]`) on by default

warning: `qrap-net` (lib) generated 3 warnings (run `cargo fix --lib -p qrap-net` to apply 3 suggestions)
   Compiling icu_provider v2.2.0
   Compiling tracing-subscriber v0.3.23
   Compiling tower v0.5.3
   Compiling icu_properties v2.2.0
   Compiling icu_normalizer v2.2.0
warning: `qrap-fee-splitter` (lib) generated 1 warning (run `cargo fix --lib -p qrap-fee-splitter` to apply 1 suggestion)
   Compiling hyper-util v0.1.20
warning: unused import: `super::*`
   --> crates/qrap-net/src/p2p.rs:151:9
    |
151 |     use super::*;
    |         ^^^^^^^^

   Compiling qrap-storage v0.2.0-alpha (/data/data/com.termux/files/home/QRAP-Node/crates/qrap-storage)
   Compiling qrap-utxo v0.2.0-alpha (/data/data/com.termux/files/home/QRAP-Node/crates/qrap-utxo)
warning: `qrap-crypto` (lib test) generated 1 warning (1 duplicate)
   Compiling idna_adapter v1.2.2
   Compiling idna v1.1.0
warning: `qrap-fee-splitter` (lib test) generated 1 warning (1 duplicate)
   Compiling qrap-consensus v0.2.0-alpha (/data/data/com.termux/files/home/QRAP-Node/crates/qrap-consensus)
warning: `qrap-net` (lib test) generated 4 warnings (3 duplicates) (run `cargo fix --lib -p qrap-net --tests` to apply 1 suggestion)
   Compiling url v2.5.8
   Compiling tower-http v0.6.11
   Compiling reqwest v0.12.28
   Compiling qrap-node v0.2.0-alpha (/data/data/com.termux/files/home/QRAP-Node/crates/qrap-node)
   Compiling qrap-da v0.2.0-alpha (/data/data/com.termux/files/home/QRAP-Node/crates/qrap-da)
   Compiling qrap-sim v0.2.0-alpha (/data/data/com.termux/files/home/QRAP-Node/crates/qrap-sim)
warning: unused imports: `Hash` and `poseidon256`
  --> crates/qrap-sim/src/lib.rs:10:19
   |
10 | use qrap_crypto::{Hash, poseidon256, LweCommitment};
   |                   ^^^^  ^^^^^^^^^^^
   |
   = note: `#[warn(unused_imports)]` (part of `#[warn(unused)]`) on by default

warning: unused imports: `MeshNetwork`, `P2pMessage`, and `PeerConfig`
  --> crates/qrap-sim/src/lib.rs:12:16
   |
12 | use qrap_net::{MeshNetwork, PeerConfig, NodeId, P2pMessage};
   |                ^^^^^^^^^^^  ^^^^^^^^^^          ^^^^^^^^^^

warning: unused import: `std::collections::HashMap`
  --> crates/qrap-sim/src/lib.rs:17:5
   |
17 | use std::collections::HashMap;
   |     ^^^^^^^^^^^^^^^^^^^^^^^^^

warning: unused import: `std::sync::Arc`
  --> crates/qrap-sim/src/lib.rs:18:5
   |
18 | use std::sync::Arc;
   |     ^^^^^^^^^^^^^^

warning: unused import: `Duration`
  --> crates/qrap-sim/src/lib.rs:19:17
   |
19 | use std::time::{Duration, Instant};
   |                 ^^^^^^^^

warning: `qrap-sim` (lib) generated 5 warnings (run `cargo fix --lib -p qrap-sim` to apply 5 suggestions)
warning: `qrap-sim` (lib test) generated 5 warnings (5 duplicates)
    Finished `test` profile [unoptimized + debuginfo] target(s) in 1m 11s
     Running unittests src/lib.rs (target/debug/deps/qrap_consensus-4953a496f20e9e45)

running 2 tests
test tests::test_quorum ... ok
test tests::test_block_hash ... ok

test result: ok. 2 passed; 0 failed; 0 ignored; 0 measured; 0 filtered out; finished in 0.00s

     Running unittests src/lib.rs (target/debug/deps/qrap_crypto-61d80fdccd7d388a)

running 3 tests
test tests::test_poseidon_deterministic ... ok
test tests::test_ml_kem_generate ... ok
test tests::test_lwe_commitment_hash ... ok

test result: ok. 3 passed; 0 failed; 0 ignored; 0 measured; 0 filtered out; finished in 0.02s

     Running unittests src/lib.rs (target/debug/deps/qrap_da-f327fb59db1f8386)

running 6 tests
test tests::test_namespace_creation ... ok
test tests::test_blob_commitment ... ok
test tests::test_blobstream_header_chain ... ok
test tests::test_das_sampling ... ok
test tests::test_mock_submit_and_retrieve ... ok
test tests::test_inclusion_proof ... ok

test result: ok. 6 passed; 0 failed; 0 ignored; 0 measured; 0 filtered out; finished in 0.20s

     Running unittests src/lib.rs (target/debug/deps/qrap_fee_splitter-55bc4b7fc212b3b3)

running 7 tests
test tests::test_treasury_multisig ... ok
test tests::test_governance_max_change ... ok
test tests::test_default_distribution ... ok
test tests::test_fpga_bonus_calculation ... ok
test tests::test_invalid_distribution ... ok
test tests::test_fee_split_basic ... ok
test tests::test_governance_timelock ... ok

test result: ok. 7 passed; 0 failed; 0 ignored; 0 measured; 0 filtered out; finished in 0.00s

     Running unittests src/lib.rs (target/debug/deps/qrap_fpga-11743d71dae5af01)

running 3 tests
test tests::test_power_state_switching ... ok
test tests::test_radiation_scrubber ... ok
test tests::test_mock_fpga_full_power ... ok

test result: ok. 3 passed; 0 failed; 0 ignored; 0 measured; 0 filtered out; finished in 1.60s

     Running unittests src/lib.rs (target/debug/deps/qrap_net-d5c2aa31953269ae)

running 2 tests
test p2p::tests::test_node_id_display ... ok
test codec::tests::test_roundtrip ... ok

test result: ok. 2 passed; 0 failed; 0 ignored; 0 measured; 0 filtered out; finished in 0.00s

     Running unittests src/main.rs (target/debug/deps/qrap_node-d69e8d9b7fd5edb0)

running 0 tests

test result: ok. 0 passed; 0 failed; 0 ignored; 0 measured; 0 filtered out; finished in 0.00s

     Running tests/e2e_test.rs (target/debug/deps/e2e_test-7ed32768e6d01848)

running 2 tests
test test_e2e_single_node ... ok
test test_e2e_multi_node_with_fpga ... ok

test result: ok. 2 passed; 0 failed; 0 ignored; 0 measured; 0 filtered out; finished in 5.53s

     Running unittests src/lib.rs (target/debug/deps/qrap_sim-95bf89984e5664a0)

running 6 tests
test tests::test_da_failure_simulation ... ok
test tests::test_small_simulation ... ok
test tests::test_partition_simulation ... ok
test tests::test_fpga_degradation ... ok
test tests::test_byzantine_simulation ... ok
test tests::test_full_stress_simulation has been running for over 60 seconds
test tests::test_full_stress_simulation ... ok

test result: ok. 6 passed; 0 failed; 0 ignored; 0 measured; 0 filtered out; finished in 139.51s

     Running unittests src/lib.rs (target/debug/deps/qrap_stark-88cfbdaee55921b2)

running 0 tests

test result: ok. 0 passed; 0 failed; 0 ignored; 0 measured; 0 filtered out; finished in 0.00s

     Running unittests src/lib.rs (target/debug/deps/qrap_storage-6788e70e2654371a)

running 0 tests

test result: ok. 0 passed; 0 failed; 0 ignored; 0 measured; 0 filtered out; finished in 0.00s

     Running unittests src/lib.rs (target/debug/deps/qrap_utxo-51516b4accc89719)

running 3 tests
test tests::test_epoch_rollover ... ok
test tests::test_utxo_spend ... ok
test test_sled_persistence ... ok

test result: ok. 3 passed; 0 failed; 0 ignored; 0 measured; 0 filtered out; finished in 0.27s

   Doc-tests qrap_consensus

running 0 tests

test result: ok. 0 passed; 0 failed; 0 ignored; 0 measured; 0 filtered out; finished in 0.00s

   Doc-tests qrap_crypto

running 0 tests

test result: ok. 0 passed; 0 failed; 0 ignored; 0 measured; 0 filtered out; finished in 0.00s

   Doc-tests qrap_da

running 0 tests

test result: ok. 0 passed; 0 failed; 0 ignored; 0 measured; 0 filtered out; finished in 0.00s

   Doc-tests qrap_fee_splitter

running 0 tests

test result: ok. 0 passed; 0 failed; 0 ignored; 0 measured; 0 filtered out; finished in 0.00s

   Doc-tests qrap_fpga

running 0 tests

test result: ok. 0 passed; 0 failed; 0 ignored; 0 measured; 0 filtered out; finished in 0.00s

   Doc-tests qrap_net

running 0 tests

test result: ok. 0 passed; 0 failed; 0 ignored; 0 measured; 0 filtered out; finished in 0.00s

   Doc-tests qrap_sim

running 0 tests

test result: ok. 0 passed; 0 failed; 0 ignored; 0 measured; 0 filtered out; finished in 0.00s

   Doc-tests qrap_stark

running 0 tests

test result: ok. 0 passed; 0 failed; 0 ignored; 0 measured; 0 filtered out; finished in 0.00s

   Doc-tests qrap_storage

running 0 tests

test result: ok. 0 passed; 0 failed; 0 ignored; 0 measured; 0 filtered out; finished in 0.00s

   Doc-tests qrap_utxo

running 0 tests

test result: ok. 0 passed; 0 failed; 0 ignored; 0 measured; 0 filtered out; finished in 0.00s

